# Spring 1901
F NTH; A Yor; F NWG
Lvp; Edi; Lon
F MAO; A Pic; A Bur
Par; Bre; Mar
F Den; A Sil; A Ruh
Kie; Ber; Mun
F Fin; A Ukr; A Gal; F BLA
Mos; Stp; Sev; War
F ADR; A Ser; A Tyr
Vie; Tri; Bud
A Apu; A Pie; F ION
Rom; Nap; Ven
A Bul; A Syr; F Arm
Con; Smy; Ank